[www.khetia.com/index.html]
[backblue.gif]
[fade.gif]
[index.html]
[platform.twitter.com/widgets.js]
[www.khetia.com/styles.48c56c1302019446c68c.css]
[www.khetia.com/assets/img/favicon.ico]
[www.khetia.com/runtime-es2015.1eba213af0b233498d9d.js]
[www.khetia.com/runtime-es5.1eba213af0b233498d9d.js]
[www.khetia.com/polyfills-es5.4c983648ec72aeedac63.js]
[www.khetia.com/polyfills-es2015.b5a2dd43a2a23dac4f3f.js]
[www.khetia.com/scripts.8df2d34935c75ef52214.js]
[www.khetia.com/main-es2015.d991ca052d6541c15de7.js]
[www.khetia.com/index.html]
[www.khetia.com/main-es5.d991ca052d6541c15de7.js]
[www.khetia.com/icofont.9c33516aab48c61e3081.woff2]
[www.khetia.com/icofont.dad3accba068281878f1.woff]
[www.khetia.com/boxicons.691d0bb604ad736b6554.eot]
[www.khetia.com/boxicons.4d841f88f087a9fafd78.woff2]
[www.khetia.com/boxicons.83ea8051293b9698c379.woff]
[www.khetia.com/boxicons.3ba326c0f3cbdc18538d.ttf]
[www.khetia.com/owl.video.play.7f01b07148f205f6e825.png]
[www.khetia.com/styles.48c56c1302019446c68c.css]
[www.khetia.com/boxicons.3788bd437a2abd27bd9fd41d.svg]
